// Jest Snapshot v1, https://goo.gl/fbAQLP

exports[`Pruebas en el EntryView debe de mostrar la entrada correctamente 1`] = `
<div class="entry-title d-flex justify-content-between p-2">
  <div><span class="text-success fs-3 fw-bold">24</span><span class="mx-1 fs-3">Agosto</span><span class="mx-2 fs-4 fw-light">2021, Martes</span></div>
  <div><input type="file" accept="image/png, image/jpeg" style="display: none;"><button class="btn btn-danger mx-2">Borrar <i class="fas fa-trash-alt"></i></button><button class="btn btn-primary mx-2">Subir Foto <i class="fas fa-upload"></i></button></div>
</div>
<hr>
<div class="d-flex flex-column px-3 h-75"><textarea class="form-control" placeholder="¿Qué sucedió hoy?"></textarea></div>
<fab-stub icon="fa-save"></fab-stub><img src="https://res.cloudinary.com/jealeat96/image/upload/v1629929589/kacbr99lcmq5b5a5blff.jpg" alt="entry-picture" class="img-thumbnail">
<!--v-if-->
`;
